../Core/Src/main.c:288:13:delay_us	16	static
../Core/Src/main.c:305:17:ADC_Read_Channel	40	static
../Core/Src/main.c:328:14:ADC_Read_Voltage	24	static
../Core/Src/main.c:340:13:OW_SetOutput	32	static
../Core/Src/main.c:349:13:OW_SetInput	32	static
../Core/Src/main.c:357:13:OW_Write	16	static
../Core/Src/main.c:361:16:OW_Read	8	static
../Core/Src/main.c:366:16:OW_Reset	16	static
../Core/Src/main.c:378:13:OW_WriteBit	16	static
../Core/Src/main.c:392:16:OW_ReadBit	16	static
../Core/Src/main.c:404:13:OW_WriteByte	24	static
../Core/Src/main.c:411:16:OW_ReadByte	16	static
../Core/Src/main.c:424:13:DS18B20_SearchROM	40	static
../Core/Src/main.c:496:13:DS18B20_StartConvertAll	8	static
../Core/Src/main.c:508:14:DS18B20_ReadTemp	24	static
../Core/Src/main.c:538:14:JSNSR04T_ReadDistance	16	static
../Core/Src/main.c:574:16:BME280_ReadReg	40	static
../Core/Src/main.c:581:13:BME280_WriteReg	32	static
../Core/Src/main.c:586:13:BME280_ReadBurst	32	static
../Core/Src/main.c:591:16:BME280_Init	16	static
../Core/Src/main.c:612:13:BME280_ReadCalibration	48	static
../Core/Src/main.c:645:16:BME280_CompensateTemp	32	static
../Core/Src/main.c:660:17:BME280_CompensatePress	328	static
../Core/Src/main.c:679:17:BME280_CompensateHum	24	static
../Core/Src/main.c:705:13:BME280_ReadAll	56	static
../Core/Src/main.c:733:14:Sensor_ReadPH	16	static
../Core/Src/main.c:748:14:Sensor_ReadTurbidity	16	static
../Core/Src/main.c:762:14:Sensor_ReadTDS	32	static
../Core/Src/main.c:785:14:Sensor_ReadDO	48	static
../Core/Src/main.c:823:14:Sensor_ReadConductivity	32	static
../Core/Src/main.c:844:14:Sensor_ReadORP	16	static
../Core/Src/main.c:873:17:WQM_BuildJSON	232	static
../Core/Src/main.c:907:13:Debug_Print	16	static
../Core/Src/main.c:923:5:main	80	static
../Core/Src/main.c:1069:6:SystemClock_Config	88	static
../Core/Src/main.c:1122:13:MX_ADC1_Init	24	static
../Core/Src/main.c:1172:13:MX_I2C1_Init	8	static
../Core/Src/main.c:1215:13:MX_TIM6_Init	24	static
../Core/Src/main.c:1249:13:MX_USART3_UART_Init	8	static
../Core/Src/main.c:1281:13:MX_USB_OTG_FS_PCD_Init	8	static
../Core/Src/main.c:1314:13:MX_GPIO_Init	56	static
../Core/Src/main.c:1389:6:MPU_Config	24	static
../Core/Src/main.c:1418:6:Error_Handler	4	static,ignoring_inline_asm
