../Core/Src/main.c:293:13:delay_us	2
../Core/Src/main.c:310:17:ADC_Read_Channel	2
../Core/Src/main.c:333:14:ADC_Read_Voltage	1
../Core/Src/main.c:345:13:OW_SetOutput	1
../Core/Src/main.c:354:13:OW_SetInput	1
../Core/Src/main.c:362:13:OW_Write	1
../Core/Src/main.c:366:16:OW_Read	1
../Core/Src/main.c:371:16:OW_Reset	1
../Core/Src/main.c:383:13:OW_WriteBit	2
../Core/Src/main.c:397:16:OW_ReadBit	1
../Core/Src/main.c:409:13:OW_WriteByte	2
../Core/Src/main.c:416:16:OW_ReadByte	2
../Core/Src/main.c:429:13:DS18B20_SearchROM	15
../Core/Src/main.c:501:13:DS18B20_StartConvertAll	2
../Core/Src/main.c:513:14:DS18B20_ReadTemp	4
../Core/Src/main.c:543:14:JSNSR04T_ReadDistance	5
../Core/Src/main.c:579:16:BME280_ReadReg	1
../Core/Src/main.c:586:13:BME280_WriteReg	1
../Core/Src/main.c:591:13:BME280_ReadBurst	1
../Core/Src/main.c:596:16:BME280_Init	2
../Core/Src/main.c:617:13:BME280_ReadCalibration	1
../Core/Src/main.c:650:16:BME280_CompensateTemp	1
../Core/Src/main.c:665:17:BME280_CompensatePress	2
../Core/Src/main.c:684:17:BME280_CompensateHum	1
../Core/Src/main.c:710:13:BME280_ReadAll	1
../Core/Src/main.c:738:14:Sensor_ReadPH	3
../Core/Src/main.c:753:14:Sensor_ReadTurbidity	3
../Core/Src/main.c:767:14:Sensor_ReadTDS	3
../Core/Src/main.c:790:14:Sensor_ReadDO	6
../Core/Src/main.c:828:14:Sensor_ReadConductivity	2
../Core/Src/main.c:849:14:Sensor_ReadORP	1
../Core/Src/main.c:878:17:WQM_BuildJSON	2
../Core/Src/main.c:912:13:Debug_Print	1
../Core/Src/main.c:924:13:WQM_GPIO_Init	1
../Core/Src/main.c:979:5:main	7
../Core/Src/main.c:1127:6:SystemClock_Config	4
../Core/Src/main.c:1180:13:MX_ADC1_Init	3
../Core/Src/main.c:1230:13:MX_I2C1_Init	4
../Core/Src/main.c:1273:13:MX_TIM6_Init	3
../Core/Src/main.c:1307:13:MX_USART3_UART_Init	2
../Core/Src/main.c:1339:13:MX_USB_OTG_FS_PCD_Init	2
../Core/Src/main.c:1372:13:MX_GPIO_Init	1
../Core/Src/main.c:1447:6:MPU_Config	1
../Core/Src/main.c:1476:6:Error_Handler	1
