../Core/Src/main.c:293:13:delay_us	16	static
../Core/Src/main.c:310:17:ADC_Read_Channel	40	static
../Core/Src/main.c:333:14:ADC_Read_Voltage	24	static
../Core/Src/main.c:345:13:OW_SetOutput	32	static
../Core/Src/main.c:354:13:OW_SetInput	32	static
../Core/Src/main.c:362:13:OW_Write	16	static
../Core/Src/main.c:366:16:OW_Read	8	static
../Core/Src/main.c:371:16:OW_Reset	16	static
../Core/Src/main.c:383:13:OW_WriteBit	16	static
../Core/Src/main.c:397:16:OW_ReadBit	16	static
../Core/Src/main.c:409:13:OW_WriteByte	24	static
../Core/Src/main.c:416:16:OW_ReadByte	16	static
../Core/Src/main.c:429:13:DS18B20_SearchROM	40	static
../Core/Src/main.c:501:13:DS18B20_StartConvertAll	8	static
../Core/Src/main.c:513:14:DS18B20_ReadTemp	24	static
../Core/Src/main.c:543:14:JSNSR04T_ReadDistance	16	static
../Core/Src/main.c:579:16:BME280_ReadReg	40	static
../Core/Src/main.c:586:13:BME280_WriteReg	32	static
../Core/Src/main.c:591:13:BME280_ReadBurst	32	static
../Core/Src/main.c:596:16:BME280_Init	16	static
../Core/Src/main.c:617:13:BME280_ReadCalibration	48	static
../Core/Src/main.c:650:16:BME280_CompensateTemp	32	static
../Core/Src/main.c:665:17:BME280_CompensatePress	328	static
../Core/Src/main.c:684:17:BME280_CompensateHum	24	static
../Core/Src/main.c:710:13:BME280_ReadAll	56	static
../Core/Src/main.c:738:14:Sensor_ReadPH	16	static
../Core/Src/main.c:753:14:Sensor_ReadTurbidity	16	static
../Core/Src/main.c:767:14:Sensor_ReadTDS	32	static
../Core/Src/main.c:790:14:Sensor_ReadDO	48	static
../Core/Src/main.c:828:14:Sensor_ReadConductivity	32	static
../Core/Src/main.c:849:14:Sensor_ReadORP	16	static
../Core/Src/main.c:878:17:WQM_BuildJSON	232	static
../Core/Src/main.c:912:13:Debug_Print	16	static
../Core/Src/main.c:924:13:WQM_GPIO_Init	48	static
../Core/Src/main.c:979:5:main	80	static
../Core/Src/main.c:1127:6:SystemClock_Config	88	static
../Core/Src/main.c:1180:13:MX_ADC1_Init	24	static
../Core/Src/main.c:1230:13:MX_I2C1_Init	8	static
../Core/Src/main.c:1273:13:MX_TIM6_Init	24	static
../Core/Src/main.c:1307:13:MX_USART3_UART_Init	8	static
../Core/Src/main.c:1339:13:MX_USB_OTG_FS_PCD_Init	8	static
../Core/Src/main.c:1372:13:MX_GPIO_Init	56	static
../Core/Src/main.c:1447:6:MPU_Config	24	static
../Core/Src/main.c:1476:6:Error_Handler	4	static,ignoring_inline_asm
