../Core/Src/main.c:283:13:delay_us	16	static
../Core/Src/main.c:300:17:ADC_Read_Channel	40	static
../Core/Src/main.c:323:14:ADC_Read_Voltage	24	static
../Core/Src/main.c:335:13:OW_SetOutput	32	static
../Core/Src/main.c:344:13:OW_SetInput	32	static
../Core/Src/main.c:352:13:OW_Write	16	static
../Core/Src/main.c:356:16:OW_Read	8	static
../Core/Src/main.c:361:16:OW_Reset	16	static
../Core/Src/main.c:373:13:OW_WriteBit	16	static
../Core/Src/main.c:387:16:OW_ReadBit	16	static
../Core/Src/main.c:399:13:OW_WriteByte	24	static
../Core/Src/main.c:406:16:OW_ReadByte	16	static
../Core/Src/main.c:419:13:DS18B20_SearchROM	40	static
../Core/Src/main.c:491:13:DS18B20_StartConvertAll	8	static
../Core/Src/main.c:503:14:DS18B20_ReadTemp	24	static
../Core/Src/main.c:533:14:JSNSR04T_ReadDistance	16	static
../Core/Src/main.c:569:16:BME280_ReadReg	40	static
../Core/Src/main.c:576:13:BME280_WriteReg	32	static
../Core/Src/main.c:581:13:BME280_ReadBurst	32	static
../Core/Src/main.c:586:16:BME280_Init	16	static
../Core/Src/main.c:607:13:BME280_ReadCalibration	48	static
../Core/Src/main.c:640:16:BME280_CompensateTemp	32	static
../Core/Src/main.c:655:17:BME280_CompensatePress	328	static
../Core/Src/main.c:674:17:BME280_CompensateHum	24	static
../Core/Src/main.c:700:13:BME280_ReadAll	56	static
../Core/Src/main.c:728:14:Sensor_ReadPH	16	static
../Core/Src/main.c:743:14:Sensor_ReadTurbidity	16	static
../Core/Src/main.c:757:14:Sensor_ReadTDS	32	static
../Core/Src/main.c:780:14:Sensor_ReadDO	48	static
../Core/Src/main.c:818:14:Sensor_ReadConductivity	32	static
../Core/Src/main.c:839:14:Sensor_ReadORP	16	static
../Core/Src/main.c:868:17:WQM_BuildJSON	232	static
../Core/Src/main.c:902:13:Debug_Print	16	static
../Core/Src/main.c:914:13:WQM_GPIO_Init	48	static
../Core/Src/main.c:969:5:main	80	static
../Core/Src/main.c:1117:6:SystemClock_Config	88	static
../Core/Src/main.c:1170:13:MX_ADC1_Init	24	static
../Core/Src/main.c:1220:13:MX_I2C1_Init	8	static
../Core/Src/main.c:1263:13:MX_TIM6_Init	24	static
../Core/Src/main.c:1297:13:MX_USART3_UART_Init	8	static
../Core/Src/main.c:1329:13:MX_USB_OTG_FS_PCD_Init	8	static
../Core/Src/main.c:1362:13:MX_GPIO_Init	56	static
../Core/Src/main.c:1437:6:MPU_Config	24	static
../Core/Src/main.c:1466:6:Error_Handler	4	static,ignoring_inline_asm
